D:\Put_Your_Temp_Files_Here\space_invaders\Lab7-final\Lab7BaseSystem\implementation\system.ngc 1320291933
D:/Put_Your_Temp_Files_Here/space_invaders/Lab7-final/Lab7BaseSystem/implementation/ppc405_0_wrapper.ngc 1320291629
D:/Put_Your_Temp_Files_Here/space_invaders/Lab7-final/Lab7BaseSystem/implementation/ppc405_1_wrapper.ngc 1320291637
D:/Put_Your_Temp_Files_Here/space_invaders/Lab7-final/Lab7BaseSystem/implementation/jtagppc_0_wrapper.ngc 1320291643
D:/Put_Your_Temp_Files_Here/space_invaders/Lab7-final/Lab7BaseSystem/implementation/reset_block_wrapper.ngc 1320291651
D:/Put_Your_Temp_Files_Here/space_invaders/Lab7-final/Lab7BaseSystem/implementation/plb_wrapper.ngc 1320291666
D:/Put_Your_Temp_Files_Here/space_invaders/Lab7-final/Lab7BaseSystem/implementation/opb_wrapper.ngc 1320291678
D:/Put_Your_Temp_Files_Here/space_invaders/Lab7-final/Lab7BaseSystem/implementation/plb2opb_wrapper.ngc 1320291696
D:/Put_Your_Temp_Files_Here/space_invaders/Lab7-final/Lab7BaseSystem/implementation/rs232_uart_1_wrapper.ngc 1320291704
D:/Put_Your_Temp_Files_Here/space_invaders/Lab7-final/Lab7BaseSystem/implementation/sysace_compactflash_wrapper.ngc 1320291715
D:/Put_Your_Temp_Files_Here/space_invaders/Lab7-final/Lab7BaseSystem/implementation/leds_4bit_wrapper.ngc 1320291725
D:/Put_Your_Temp_Files_Here/space_invaders/Lab7-final/Lab7BaseSystem/implementation/dipsws_4bit_wrapper.ngc 1320291735
D:/Put_Your_Temp_Files_Here/space_invaders/Lab7-final/Lab7BaseSystem/implementation/pushbuttons_5bit_wrapper.ngc 1320291746
D:/Put_Your_Temp_Files_Here/space_invaders/Lab7-final/Lab7BaseSystem/implementation/ddr_256mb_32mx64_rank1_row13_col10_cl2_5_wrapper.ngc 1320291888
D:/Put_Your_Temp_Files_Here/space_invaders/Lab7-final/Lab7BaseSystem/implementation/plb_bram_if_cntlr_1_wrapper.ngc 1320291790
D:/Put_Your_Temp_Files_Here/space_invaders/Lab7-final/Lab7BaseSystem/implementation/plb_bram_if_cntlr_1_bram_wrapper.ngc 1320291797
D:/Put_Your_Temp_Files_Here/space_invaders/Lab7-final/Lab7BaseSystem/implementation/opb_intc_0_wrapper.ngc 1320291890
D:/Put_Your_Temp_Files_Here/space_invaders/Lab7-final/Lab7BaseSystem/implementation/sysclk_inv_wrapper.ngc 1320291812
D:/Put_Your_Temp_Files_Here/space_invaders/Lab7-final/Lab7BaseSystem/implementation/clk90_inv_wrapper.ngc 1320291818
D:/Put_Your_Temp_Files_Here/space_invaders/Lab7-final/Lab7BaseSystem/implementation/ddr_clk90_inv_wrapper.ngc 1320291824
D:/Put_Your_Temp_Files_Here/space_invaders/Lab7-final/Lab7BaseSystem/implementation/dcm_0_wrapper.ngc 1320291830
D:/Put_Your_Temp_Files_Here/space_invaders/Lab7-final/Lab7BaseSystem/implementation/dcm_1_wrapper.ngc 1320291837
D:/Put_Your_Temp_Files_Here/space_invaders/Lab7-final/Lab7BaseSystem/implementation/vga_framebuffer_wrapper.ngc 1320291847
D:/Put_Your_Temp_Files_Here/space_invaders/Lab7-final/Lab7BaseSystem/implementation/dcr_v29_0_wrapper.ngc 1320291853
D:/Put_Your_Temp_Files_Here/space_invaders/Lab7-final/Lab7BaseSystem/implementation/opb2dcr_bridge_0_wrapper.ngc 1320291865
D:/Put_Your_Temp_Files_Here/space_invaders/Lab7-final/Lab7BaseSystem/implementation/audio_codec_wrapper.ngc 1320291877
D:/Put_Your_Temp_Files_Here/space_invaders/Lab7-final/Lab7BaseSystem/implementation/lab3_slave_0_wrapper.ngc 1320291886
OK
