D:\Put_Your_Temp_Files_Here\space_invaders\Lab8Final\Lab8CleanBuild\implementation\system.ngc 1322012571
D:/Put_Your_Temp_Files_Here/space_invaders/Lab8Final/Lab8CleanBuild/implementation/ppc405_0_wrapper.ngc 1322012227
D:/Put_Your_Temp_Files_Here/space_invaders/Lab8Final/Lab8CleanBuild/implementation/ppc405_1_wrapper.ngc 1322012235
D:/Put_Your_Temp_Files_Here/space_invaders/Lab8Final/Lab8CleanBuild/implementation/jtagppc_0_wrapper.ngc 1322012241
D:/Put_Your_Temp_Files_Here/space_invaders/Lab8Final/Lab8CleanBuild/implementation/reset_block_wrapper.ngc 1322012248
D:/Put_Your_Temp_Files_Here/space_invaders/Lab8Final/Lab8CleanBuild/implementation/plb_wrapper.ngc 1322012265
D:/Put_Your_Temp_Files_Here/space_invaders/Lab8Final/Lab8CleanBuild/implementation/opb_wrapper.ngc 1322012278
D:/Put_Your_Temp_Files_Here/space_invaders/Lab8Final/Lab8CleanBuild/implementation/plb2opb_wrapper.ngc 1322012295
D:/Put_Your_Temp_Files_Here/space_invaders/Lab8Final/Lab8CleanBuild/implementation/rs232_uart_1_wrapper.ngc 1322012303
D:/Put_Your_Temp_Files_Here/space_invaders/Lab8Final/Lab8CleanBuild/implementation/sysace_compactflash_wrapper.ngc 1322012314
D:/Put_Your_Temp_Files_Here/space_invaders/Lab8Final/Lab8CleanBuild/implementation/leds_4bit_wrapper.ngc 1322012323
D:/Put_Your_Temp_Files_Here/space_invaders/Lab8Final/Lab8CleanBuild/implementation/dipsws_4bit_wrapper.ngc 1322012333
D:/Put_Your_Temp_Files_Here/space_invaders/Lab8Final/Lab8CleanBuild/implementation/pushbuttons_5bit_wrapper.ngc 1322012344
D:/Put_Your_Temp_Files_Here/space_invaders/Lab8Final/Lab8CleanBuild/implementation/ddr_256mb_32mx64_rank1_row13_col10_cl2_5_wrapper.ngc 1322012514
D:/Put_Your_Temp_Files_Here/space_invaders/Lab8Final/Lab8CleanBuild/implementation/plb_bram_if_cntlr_1_wrapper.ngc 1322012387
D:/Put_Your_Temp_Files_Here/space_invaders/Lab8Final/Lab8CleanBuild/implementation/plb_bram_if_cntlr_1_bram_wrapper.ngc 1322012395
D:/Put_Your_Temp_Files_Here/space_invaders/Lab8Final/Lab8CleanBuild/implementation/opb_intc_0_wrapper.ngc 1322012516
D:/Put_Your_Temp_Files_Here/space_invaders/Lab8Final/Lab8CleanBuild/implementation/sysclk_inv_wrapper.ngc 1322012409
D:/Put_Your_Temp_Files_Here/space_invaders/Lab8Final/Lab8CleanBuild/implementation/clk90_inv_wrapper.ngc 1322012415
D:/Put_Your_Temp_Files_Here/space_invaders/Lab8Final/Lab8CleanBuild/implementation/ddr_clk90_inv_wrapper.ngc 1322012421
D:/Put_Your_Temp_Files_Here/space_invaders/Lab8Final/Lab8CleanBuild/implementation/dcm_0_wrapper.ngc 1322012427
D:/Put_Your_Temp_Files_Here/space_invaders/Lab8Final/Lab8CleanBuild/implementation/dcm_1_wrapper.ngc 1322012434
D:/Put_Your_Temp_Files_Here/space_invaders/Lab8Final/Lab8CleanBuild/implementation/vga_framebuffer_wrapper.ngc 1322012444
D:/Put_Your_Temp_Files_Here/space_invaders/Lab8Final/Lab8CleanBuild/implementation/dcr_v29_0_wrapper.ngc 1322012450
D:/Put_Your_Temp_Files_Here/space_invaders/Lab8Final/Lab8CleanBuild/implementation/opb2dcr_bridge_0_wrapper.ngc 1322012461
D:/Put_Your_Temp_Files_Here/space_invaders/Lab8Final/Lab8CleanBuild/implementation/audio_codec_wrapper.ngc 1322012474
D:/Put_Your_Temp_Files_Here/space_invaders/Lab8Final/Lab8CleanBuild/implementation/audio_dma_0_wrapper.ngc 1322012480
D:/Put_Your_Temp_Files_Here/space_invaders/Lab8Final/Lab8CleanBuild/implementation/opb2plb_bridge_0_wrapper.ngc 1322012498
D:/Put_Your_Temp_Files_Here/space_invaders/Lab8Final/Lab8CleanBuild/implementation/chipscope_icon_0_wrapper.ngc 1322012518
D:/Put_Your_Temp_Files_Here/space_invaders/Lab8Final/Lab8CleanBuild/implementation/chipscope_opb_iba_0_wrapper.ngc 1322012519
