D:\Put_Your_Temp_Files_Here\space_invaders\lab7basesystem\Lab7BaseSystem\implementation\system.ngc 1319916285
D:/Put_Your_Temp_Files_Here/space_invaders/lab7basesystem/Lab7BaseSystem/implementation/ppc405_0_wrapper.ngc 1319916163
D:/Put_Your_Temp_Files_Here/space_invaders/lab7basesystem/Lab7BaseSystem/implementation/ppc405_1_wrapper.ngc 1319916163
D:/Put_Your_Temp_Files_Here/space_invaders/lab7basesystem/Lab7BaseSystem/implementation/jtagppc_0_wrapper.ngc 1319916163
D:/Put_Your_Temp_Files_Here/space_invaders/lab7basesystem/Lab7BaseSystem/implementation/reset_block_wrapper.ngc 1319916163
D:/Put_Your_Temp_Files_Here/space_invaders/lab7basesystem/Lab7BaseSystem/implementation/plb_wrapper.ngc 1319916163
D:/Put_Your_Temp_Files_Here/space_invaders/lab7basesystem/Lab7BaseSystem/implementation/opb_wrapper.ngc 1319916233
D:/Put_Your_Temp_Files_Here/space_invaders/lab7basesystem/Lab7BaseSystem/implementation/plb2opb_wrapper.ngc 1319916163
D:/Put_Your_Temp_Files_Here/space_invaders/lab7basesystem/Lab7BaseSystem/implementation/rs232_uart_1_wrapper.ngc 1319916163
D:/Put_Your_Temp_Files_Here/space_invaders/lab7basesystem/Lab7BaseSystem/implementation/sysace_compactflash_wrapper.ngc 1319916163
D:/Put_Your_Temp_Files_Here/space_invaders/lab7basesystem/Lab7BaseSystem/implementation/leds_4bit_wrapper.ngc 1319916163
D:/Put_Your_Temp_Files_Here/space_invaders/lab7basesystem/Lab7BaseSystem/implementation/dipsws_4bit_wrapper.ngc 1319916163
D:/Put_Your_Temp_Files_Here/space_invaders/lab7basesystem/Lab7BaseSystem/implementation/pushbuttons_5bit_wrapper.ngc 1319916163
D:/Put_Your_Temp_Files_Here/space_invaders/lab7basesystem/Lab7BaseSystem/implementation/ddr_256mb_32mx64_rank1_row13_col10_cl2_5_wrapper.ngc 1319916163
D:/Put_Your_Temp_Files_Here/space_invaders/lab7basesystem/Lab7BaseSystem/implementation/plb_bram_if_cntlr_1_wrapper.ngc 1319916163
D:/Put_Your_Temp_Files_Here/space_invaders/lab7basesystem/Lab7BaseSystem/implementation/plb_bram_if_cntlr_1_bram_wrapper.ngc 1319916163
D:/Put_Your_Temp_Files_Here/space_invaders/lab7basesystem/Lab7BaseSystem/implementation/opb_intc_0_wrapper.ngc 1319916245
D:/Put_Your_Temp_Files_Here/space_invaders/lab7basesystem/Lab7BaseSystem/implementation/sysclk_inv_wrapper.ngc 1319916163
D:/Put_Your_Temp_Files_Here/space_invaders/lab7basesystem/Lab7BaseSystem/implementation/clk90_inv_wrapper.ngc 1319916163
D:/Put_Your_Temp_Files_Here/space_invaders/lab7basesystem/Lab7BaseSystem/implementation/ddr_clk90_inv_wrapper.ngc 1319916163
D:/Put_Your_Temp_Files_Here/space_invaders/lab7basesystem/Lab7BaseSystem/implementation/dcm_0_wrapper.ngc 1319916163
D:/Put_Your_Temp_Files_Here/space_invaders/lab7basesystem/Lab7BaseSystem/implementation/dcm_1_wrapper.ngc 1319916163
D:/Put_Your_Temp_Files_Here/space_invaders/lab7basesystem/Lab7BaseSystem/implementation/vga_framebuffer_wrapper.ngc 1319916163
D:/Put_Your_Temp_Files_Here/space_invaders/lab7basesystem/Lab7BaseSystem/implementation/dcr_v29_0_wrapper.ngc 1319916163
D:/Put_Your_Temp_Files_Here/space_invaders/lab7basesystem/Lab7BaseSystem/implementation/opb2dcr_bridge_0_wrapper.ngc 1319916163
D:/Put_Your_Temp_Files_Here/space_invaders/lab7basesystem/Lab7BaseSystem/implementation/audio_codec_wrapper.ngc 1319916163
D:/Put_Your_Temp_Files_Here/space_invaders/lab7basesystem/Lab7BaseSystem/implementation/lab3_slave_1_wrapper.ngc 1319916163
