D:\Put_Your_Temp_Files_Here\lab6cleanbuild\Lab6CleanBuild\implementation\system.ngc 1318457713
D:/Put_Your_Temp_Files_Here/lab6cleanbuild/Lab6CleanBuild/implementation/ppc405_0_wrapper.ngc 1318457605
D:/Put_Your_Temp_Files_Here/lab6cleanbuild/Lab6CleanBuild/implementation/ppc405_1_wrapper.ngc 1318457605
D:/Put_Your_Temp_Files_Here/lab6cleanbuild/Lab6CleanBuild/implementation/jtagppc_0_wrapper.ngc 1318457605
D:/Put_Your_Temp_Files_Here/lab6cleanbuild/Lab6CleanBuild/implementation/reset_block_wrapper.ngc 1318457605
D:/Put_Your_Temp_Files_Here/lab6cleanbuild/Lab6CleanBuild/implementation/plb_wrapper.ngc 1318457605
D:/Put_Your_Temp_Files_Here/lab6cleanbuild/Lab6CleanBuild/implementation/opb_wrapper.ngc 1318457605
D:/Put_Your_Temp_Files_Here/lab6cleanbuild/Lab6CleanBuild/implementation/plb2opb_wrapper.ngc 1318457605
D:/Put_Your_Temp_Files_Here/lab6cleanbuild/Lab6CleanBuild/implementation/rs232_uart_1_wrapper.ngc 1318457605
D:/Put_Your_Temp_Files_Here/lab6cleanbuild/Lab6CleanBuild/implementation/sysace_compactflash_wrapper.ngc 1318457605
D:/Put_Your_Temp_Files_Here/lab6cleanbuild/Lab6CleanBuild/implementation/leds_4bit_wrapper.ngc 1318457605
D:/Put_Your_Temp_Files_Here/lab6cleanbuild/Lab6CleanBuild/implementation/dipsws_4bit_wrapper.ngc 1318457605
D:/Put_Your_Temp_Files_Here/lab6cleanbuild/Lab6CleanBuild/implementation/pushbuttons_5bit_wrapper.ngc 1318457605
D:/Put_Your_Temp_Files_Here/lab6cleanbuild/Lab6CleanBuild/implementation/ddr_256mb_32mx64_rank1_row13_col10_cl2_5_wrapper.ngc 1318457605
D:/Put_Your_Temp_Files_Here/lab6cleanbuild/Lab6CleanBuild/implementation/plb_bram_if_cntlr_1_wrapper.ngc 1318457605
D:/Put_Your_Temp_Files_Here/lab6cleanbuild/Lab6CleanBuild/implementation/plb_bram_if_cntlr_1_bram_wrapper.ngc 1318457605
D:/Put_Your_Temp_Files_Here/lab6cleanbuild/Lab6CleanBuild/implementation/opb_intc_0_wrapper.ngc 1318457674
D:/Put_Your_Temp_Files_Here/lab6cleanbuild/Lab6CleanBuild/implementation/sysclk_inv_wrapper.ngc 1318457605
D:/Put_Your_Temp_Files_Here/lab6cleanbuild/Lab6CleanBuild/implementation/clk90_inv_wrapper.ngc 1318457605
D:/Put_Your_Temp_Files_Here/lab6cleanbuild/Lab6CleanBuild/implementation/ddr_clk90_inv_wrapper.ngc 1318457605
D:/Put_Your_Temp_Files_Here/lab6cleanbuild/Lab6CleanBuild/implementation/dcm_0_wrapper.ngc 1318457605
D:/Put_Your_Temp_Files_Here/lab6cleanbuild/Lab6CleanBuild/implementation/dcm_1_wrapper.ngc 1318457605
D:/Put_Your_Temp_Files_Here/lab6cleanbuild/Lab6CleanBuild/implementation/vga_framebuffer_wrapper.ngc 1318457605
D:/Put_Your_Temp_Files_Here/lab6cleanbuild/Lab6CleanBuild/implementation/dcr_v29_0_wrapper.ngc 1318457605
D:/Put_Your_Temp_Files_Here/lab6cleanbuild/Lab6CleanBuild/implementation/opb2dcr_bridge_0_wrapper.ngc 1318457605
D:/Put_Your_Temp_Files_Here/lab6cleanbuild/Lab6CleanBuild/implementation/audio_codec_wrapper.ngc 1318457605
OK
