D:\Put_Your_Temp_Files_Here\space_invaders\Lab3CleanBuild\implementation\system.ngc 1316474984
D:/Put_Your_Temp_Files_Here/space_invaders/Lab3CleanBuild/implementation/ppc405_0_wrapper.ngc 1316474897
D:/Put_Your_Temp_Files_Here/space_invaders/Lab3CleanBuild/implementation/ppc405_1_wrapper.ngc 1316474897
D:/Put_Your_Temp_Files_Here/space_invaders/Lab3CleanBuild/implementation/jtagppc_0_wrapper.ngc 1316474897
D:/Put_Your_Temp_Files_Here/space_invaders/Lab3CleanBuild/implementation/reset_block_wrapper.ngc 1316474897
D:/Put_Your_Temp_Files_Here/space_invaders/Lab3CleanBuild/implementation/plb_wrapper.ngc 1316474897
D:/Put_Your_Temp_Files_Here/space_invaders/Lab3CleanBuild/implementation/opb_wrapper.ngc 1316474897
D:/Put_Your_Temp_Files_Here/space_invaders/Lab3CleanBuild/implementation/plb2opb_wrapper.ngc 1316474897
D:/Put_Your_Temp_Files_Here/space_invaders/Lab3CleanBuild/implementation/rs232_uart_1_wrapper.ngc 1316474897
D:/Put_Your_Temp_Files_Here/space_invaders/Lab3CleanBuild/implementation/sysace_compactflash_wrapper.ngc 1316474897
D:/Put_Your_Temp_Files_Here/space_invaders/Lab3CleanBuild/implementation/pushbuttons_5bit_wrapper.ngc 1316474897
D:/Put_Your_Temp_Files_Here/space_invaders/Lab3CleanBuild/implementation/ddr_256mb_32mx64_rank1_row13_col10_cl2_5_wrapper.ngc 1316474897
D:/Put_Your_Temp_Files_Here/space_invaders/Lab3CleanBuild/implementation/plb_bram_if_cntlr_1_wrapper.ngc 1316474897
D:/Put_Your_Temp_Files_Here/space_invaders/Lab3CleanBuild/implementation/plb_bram_if_cntlr_1_bram_wrapper.ngc 1316474897
D:/Put_Your_Temp_Files_Here/space_invaders/Lab3CleanBuild/implementation/sysclk_inv_wrapper.ngc 1316474897
D:/Put_Your_Temp_Files_Here/space_invaders/Lab3CleanBuild/implementation/clk90_inv_wrapper.ngc 1316474897
D:/Put_Your_Temp_Files_Here/space_invaders/Lab3CleanBuild/implementation/ddr_clk90_inv_wrapper.ngc 1316474897
D:/Put_Your_Temp_Files_Here/space_invaders/Lab3CleanBuild/implementation/dcm_0_wrapper.ngc 1316474897
D:/Put_Your_Temp_Files_Here/space_invaders/Lab3CleanBuild/implementation/dcm_1_wrapper.ngc 1316474897
D:/Put_Your_Temp_Files_Here/space_invaders/Lab3CleanBuild/implementation/vga_framebuffer_wrapper.ngc 1316474897
D:/Put_Your_Temp_Files_Here/space_invaders/Lab3CleanBuild/implementation/dcr_v29_0_wrapper.ngc 1316474897
D:/Put_Your_Temp_Files_Here/space_invaders/Lab3CleanBuild/implementation/opb2dcr_bridge_0_wrapper.ngc 1316474897
OK
