D:\Put_Your_Temp_Files_Here\space_invaders\asd\Lab7BaseSystem\implementation\system.ngc 1320198658
D:/Put_Your_Temp_Files_Here/space_invaders/asd/Lab7BaseSystem/implementation/ppc405_0_wrapper.ngc 1320198354
D:/Put_Your_Temp_Files_Here/space_invaders/asd/Lab7BaseSystem/implementation/ppc405_1_wrapper.ngc 1320198362
D:/Put_Your_Temp_Files_Here/space_invaders/asd/Lab7BaseSystem/implementation/jtagppc_0_wrapper.ngc 1320198368
D:/Put_Your_Temp_Files_Here/space_invaders/asd/Lab7BaseSystem/implementation/reset_block_wrapper.ngc 1320198375
D:/Put_Your_Temp_Files_Here/space_invaders/asd/Lab7BaseSystem/implementation/plb_wrapper.ngc 1320198391
D:/Put_Your_Temp_Files_Here/space_invaders/asd/Lab7BaseSystem/implementation/opb_wrapper.ngc 1320198402
D:/Put_Your_Temp_Files_Here/space_invaders/asd/Lab7BaseSystem/implementation/plb2opb_wrapper.ngc 1320198420
D:/Put_Your_Temp_Files_Here/space_invaders/asd/Lab7BaseSystem/implementation/rs232_uart_1_wrapper.ngc 1320198428
D:/Put_Your_Temp_Files_Here/space_invaders/asd/Lab7BaseSystem/implementation/sysace_compactflash_wrapper.ngc 1320198439
D:/Put_Your_Temp_Files_Here/space_invaders/asd/Lab7BaseSystem/implementation/leds_4bit_wrapper.ngc 1320198449
D:/Put_Your_Temp_Files_Here/space_invaders/asd/Lab7BaseSystem/implementation/dipsws_4bit_wrapper.ngc 1320198459
D:/Put_Your_Temp_Files_Here/space_invaders/asd/Lab7BaseSystem/implementation/pushbuttons_5bit_wrapper.ngc 1320198470
D:/Put_Your_Temp_Files_Here/space_invaders/asd/Lab7BaseSystem/implementation/ddr_256mb_32mx64_rank1_row13_col10_cl2_5_wrapper.ngc 1320198613
D:/Put_Your_Temp_Files_Here/space_invaders/asd/Lab7BaseSystem/implementation/plb_bram_if_cntlr_1_wrapper.ngc 1320198514
D:/Put_Your_Temp_Files_Here/space_invaders/asd/Lab7BaseSystem/implementation/plb_bram_if_cntlr_1_bram_wrapper.ngc 1320198522
D:/Put_Your_Temp_Files_Here/space_invaders/asd/Lab7BaseSystem/implementation/opb_intc_0_wrapper.ngc 1320198616
D:/Put_Your_Temp_Files_Here/space_invaders/asd/Lab7BaseSystem/implementation/sysclk_inv_wrapper.ngc 1320198537
D:/Put_Your_Temp_Files_Here/space_invaders/asd/Lab7BaseSystem/implementation/clk90_inv_wrapper.ngc 1320198543
D:/Put_Your_Temp_Files_Here/space_invaders/asd/Lab7BaseSystem/implementation/ddr_clk90_inv_wrapper.ngc 1320198549
D:/Put_Your_Temp_Files_Here/space_invaders/asd/Lab7BaseSystem/implementation/dcm_0_wrapper.ngc 1320198555
D:/Put_Your_Temp_Files_Here/space_invaders/asd/Lab7BaseSystem/implementation/dcm_1_wrapper.ngc 1320198562
D:/Put_Your_Temp_Files_Here/space_invaders/asd/Lab7BaseSystem/implementation/vga_framebuffer_wrapper.ngc 1320198572
D:/Put_Your_Temp_Files_Here/space_invaders/asd/Lab7BaseSystem/implementation/dcr_v29_0_wrapper.ngc 1320198579
D:/Put_Your_Temp_Files_Here/space_invaders/asd/Lab7BaseSystem/implementation/opb2dcr_bridge_0_wrapper.ngc 1320198590
D:/Put_Your_Temp_Files_Here/space_invaders/asd/Lab7BaseSystem/implementation/audio_codec_wrapper.ngc 1320198603
D:/Put_Your_Temp_Files_Here/space_invaders/asd/Lab7BaseSystem/implementation/lab3_slave_0_wrapper.ngc 1320198611
OK
