D:\Put_Your_Temp_Files_Here\space_invaders\Lab8CleanBuild\implementation\system.ngc 1322617182
D:/Put_Your_Temp_Files_Here/space_invaders/Lab8CleanBuild/implementation/ppc405_0_wrapper.ngc 1322616800
D:/Put_Your_Temp_Files_Here/space_invaders/Lab8CleanBuild/implementation/ppc405_1_wrapper.ngc 1322616808
D:/Put_Your_Temp_Files_Here/space_invaders/Lab8CleanBuild/implementation/jtagppc_0_wrapper.ngc 1322616814
D:/Put_Your_Temp_Files_Here/space_invaders/Lab8CleanBuild/implementation/reset_block_wrapper.ngc 1322616822
D:/Put_Your_Temp_Files_Here/space_invaders/Lab8CleanBuild/implementation/plb_wrapper.ngc 1322616839
D:/Put_Your_Temp_Files_Here/space_invaders/Lab8CleanBuild/implementation/opb_wrapper.ngc 1322616851
D:/Put_Your_Temp_Files_Here/space_invaders/Lab8CleanBuild/implementation/plb2opb_wrapper.ngc 1322616869
D:/Put_Your_Temp_Files_Here/space_invaders/Lab8CleanBuild/implementation/rs232_uart_1_wrapper.ngc 1322616877
D:/Put_Your_Temp_Files_Here/space_invaders/Lab8CleanBuild/implementation/sysace_compactflash_wrapper.ngc 1322616888
D:/Put_Your_Temp_Files_Here/space_invaders/Lab8CleanBuild/implementation/leds_4bit_wrapper.ngc 1322616898
D:/Put_Your_Temp_Files_Here/space_invaders/Lab8CleanBuild/implementation/dipsws_4bit_wrapper.ngc 1322616909
D:/Put_Your_Temp_Files_Here/space_invaders/Lab8CleanBuild/implementation/pushbuttons_5bit_wrapper.ngc 1322616920
D:/Put_Your_Temp_Files_Here/space_invaders/Lab8CleanBuild/implementation/ddr_256mb_32mx64_rank1_row13_col10_cl2_5_wrapper.ngc 1322617108
D:/Put_Your_Temp_Files_Here/space_invaders/Lab8CleanBuild/implementation/plb_bram_if_cntlr_1_wrapper.ngc 1322616964
D:/Put_Your_Temp_Files_Here/space_invaders/Lab8CleanBuild/implementation/plb_bram_if_cntlr_1_bram_wrapper.ngc 1322616972
D:/Put_Your_Temp_Files_Here/space_invaders/Lab8CleanBuild/implementation/opb_intc_0_wrapper.ngc 1322617110
D:/Put_Your_Temp_Files_Here/space_invaders/Lab8CleanBuild/implementation/sysclk_inv_wrapper.ngc 1322616986
D:/Put_Your_Temp_Files_Here/space_invaders/Lab8CleanBuild/implementation/clk90_inv_wrapper.ngc 1322616993
D:/Put_Your_Temp_Files_Here/space_invaders/Lab8CleanBuild/implementation/ddr_clk90_inv_wrapper.ngc 1322616999
D:/Put_Your_Temp_Files_Here/space_invaders/Lab8CleanBuild/implementation/dcm_0_wrapper.ngc 1322617005
D:/Put_Your_Temp_Files_Here/space_invaders/Lab8CleanBuild/implementation/dcm_1_wrapper.ngc 1322617012
D:/Put_Your_Temp_Files_Here/space_invaders/Lab8CleanBuild/implementation/vga_framebuffer_wrapper.ngc 1322617022
D:/Put_Your_Temp_Files_Here/space_invaders/Lab8CleanBuild/implementation/dcr_v29_0_wrapper.ngc 1322617028
D:/Put_Your_Temp_Files_Here/space_invaders/Lab8CleanBuild/implementation/opb2dcr_bridge_0_wrapper.ngc 1322617040
D:/Put_Your_Temp_Files_Here/space_invaders/Lab8CleanBuild/implementation/audio_codec_wrapper.ngc 1322617053
D:/Put_Your_Temp_Files_Here/space_invaders/Lab8CleanBuild/implementation/lab3_slave_0_wrapper.ngc 1322617061
D:/Put_Your_Temp_Files_Here/space_invaders/Lab8CleanBuild/implementation/audio_dma_0_wrapper.ngc 1322617074
D:/Put_Your_Temp_Files_Here/space_invaders/Lab8CleanBuild/implementation/opb2plb_bridge_0_wrapper.ngc 1322617092
D:/Put_Your_Temp_Files_Here/space_invaders/Lab8CleanBuild/implementation/chipscope_icon_0_wrapper.ngc 1322617113
D:/Put_Your_Temp_Files_Here/space_invaders/Lab8CleanBuild/implementation/chipscope_opb_iba_0_wrapper.ngc 1322617115
OK
