D:\Put_Your_Temp_Files_Here\space_invaders\Lab8CleanBuild\implementation\system.ngc 1322691814
D:/Put_Your_Temp_Files_Here/space_invaders/Lab8CleanBuild/implementation/ppc405_0_wrapper.ngc 1322691441
D:/Put_Your_Temp_Files_Here/space_invaders/Lab8CleanBuild/implementation/ppc405_1_wrapper.ngc 1322691449
D:/Put_Your_Temp_Files_Here/space_invaders/Lab8CleanBuild/implementation/jtagppc_0_wrapper.ngc 1322691455
D:/Put_Your_Temp_Files_Here/space_invaders/Lab8CleanBuild/implementation/reset_block_wrapper.ngc 1322691462
D:/Put_Your_Temp_Files_Here/space_invaders/Lab8CleanBuild/implementation/plb_wrapper.ngc 1322691479
D:/Put_Your_Temp_Files_Here/space_invaders/Lab8CleanBuild/implementation/opb_wrapper.ngc 1322691492
D:/Put_Your_Temp_Files_Here/space_invaders/Lab8CleanBuild/implementation/plb2opb_wrapper.ngc 1322691509
D:/Put_Your_Temp_Files_Here/space_invaders/Lab8CleanBuild/implementation/rs232_uart_1_wrapper.ngc 1322691517
D:/Put_Your_Temp_Files_Here/space_invaders/Lab8CleanBuild/implementation/sysace_compactflash_wrapper.ngc 1322691528
D:/Put_Your_Temp_Files_Here/space_invaders/Lab8CleanBuild/implementation/leds_4bit_wrapper.ngc 1322691538
D:/Put_Your_Temp_Files_Here/space_invaders/Lab8CleanBuild/implementation/dipsws_4bit_wrapper.ngc 1322691548
D:/Put_Your_Temp_Files_Here/space_invaders/Lab8CleanBuild/implementation/pushbuttons_5bit_wrapper.ngc 1322691559
D:/Put_Your_Temp_Files_Here/space_invaders/Lab8CleanBuild/implementation/ddr_256mb_32mx64_rank1_row13_col10_cl2_5_wrapper.ngc 1322691749
D:/Put_Your_Temp_Files_Here/space_invaders/Lab8CleanBuild/implementation/plb_bram_if_cntlr_1_wrapper.ngc 1322691603
D:/Put_Your_Temp_Files_Here/space_invaders/Lab8CleanBuild/implementation/plb_bram_if_cntlr_1_bram_wrapper.ngc 1322691610
D:/Put_Your_Temp_Files_Here/space_invaders/Lab8CleanBuild/implementation/opb_intc_0_wrapper.ngc 1322691751
D:/Put_Your_Temp_Files_Here/space_invaders/Lab8CleanBuild/implementation/sysclk_inv_wrapper.ngc 1322691625
D:/Put_Your_Temp_Files_Here/space_invaders/Lab8CleanBuild/implementation/clk90_inv_wrapper.ngc 1322691631
D:/Put_Your_Temp_Files_Here/space_invaders/Lab8CleanBuild/implementation/ddr_clk90_inv_wrapper.ngc 1322691637
D:/Put_Your_Temp_Files_Here/space_invaders/Lab8CleanBuild/implementation/dcm_0_wrapper.ngc 1322691643
D:/Put_Your_Temp_Files_Here/space_invaders/Lab8CleanBuild/implementation/dcm_1_wrapper.ngc 1322691650
D:/Put_Your_Temp_Files_Here/space_invaders/Lab8CleanBuild/implementation/vga_framebuffer_wrapper.ngc 1322691660
D:/Put_Your_Temp_Files_Here/space_invaders/Lab8CleanBuild/implementation/dcr_v29_0_wrapper.ngc 1322691666
D:/Put_Your_Temp_Files_Here/space_invaders/Lab8CleanBuild/implementation/opb2dcr_bridge_0_wrapper.ngc 1322691678
D:/Put_Your_Temp_Files_Here/space_invaders/Lab8CleanBuild/implementation/audio_codec_wrapper.ngc 1322691690
D:/Put_Your_Temp_Files_Here/space_invaders/Lab8CleanBuild/implementation/lab3_slave_0_wrapper.ngc 1322691699
D:/Put_Your_Temp_Files_Here/space_invaders/Lab8CleanBuild/implementation/audio_dma_0_wrapper.ngc 1322691715
D:/Put_Your_Temp_Files_Here/space_invaders/Lab8CleanBuild/implementation/opb2plb_bridge_0_wrapper.ngc 1322691733
D:/Put_Your_Temp_Files_Here/space_invaders/Lab8CleanBuild/implementation/chipscope_icon_0_wrapper.ngc 1322691753
D:/Put_Your_Temp_Files_Here/space_invaders/Lab8CleanBuild/implementation/chipscope_opb_iba_0_wrapper.ngc 1322691755
OK
